<html>
<body>
<pre>
<h1>µVision Build Log</h1>
<h2>Tool Versions:</h2>
IDE-Version: µVision V5.29.0.0
Copyright (C) 2019 ARM Ltd and ARM Germany GmbH. All rights reserved.
License Information: Des Sada, Bosched, LIC=585FJ-UKH2W-EVT1R-K2ARQ-8LH2Q-J4C0G
 
Tool Versions:
Toolchain:       MDK-ARM Plus  Version: 5.29.0.0
Toolchain Path:  C:\Keil_v5\ARM\ARMCC\Bin
C Compiler:      Armcc.exe V5.06 update 6 (build 750)
Assembler:       Armasm.exe V5.06 update 6 (build 750)
Linker/Locator:  ArmLink.exe V5.06 update 6 (build 750)
Library Manager: ArmAr.exe V5.06 update 6 (build 750)
Hex Converter:   FromElf.exe V5.06 update 6 (build 750)
CPU DLL:         SARMCM3.DLL V5.29.0.0
Dialog DLL:      DCM.DLL V1.17.3.0
Target DLL:      STLink\ST-LINKIII-KEIL_SWO.dll V3.0.7.0
Dialog DLL:      TCM.DLL V1.36.5.0
 
<h2>Project:</h2>
E:\Udemy\STM32_Course\MyLearning\Youtube\LCD\LCD.uvprojx
Project File Date:  05/12/2021

<h2>Output:</h2>
*** Using Compiler 'V5.06 update 6 (build 750)', folder: 'C:\Keil_v5\ARM\ARMCC\Bin'
Rebuild target 'LCD'
assembling startup_stm32f10x_md.s...
compiling main.c...
compiling stm32f10x_gpio.c...
compiling stm32f10x_rcc.c...
compiling LCD.c...
LCD.c(46): warning:  #188-D: enumerated type mixed with another type
  	GPIO_WriteBit( GPIOC, GPIO_Pin_13, 1);
LCD.c(48): warning:  #188-D: enumerated type mixed with another type
  	GPIO_WriteBit( GPIOC, GPIO_Pin_13, 0);
LCD.c(55): warning:  #188-D: enumerated type mixed with another type
  	GPIO_WriteBit( GPIOB, GPIO_Pin_14, showBit( &x, 0 ));		// D0
LCD.c(56): warning:  #188-D: enumerated type mixed with another type
  	GPIO_WriteBit( GPIOB, GPIO_Pin_15, showBit( &x, 1 ));
LCD.c(57): warning:  #188-D: enumerated type mixed with another type
  	GPIO_WriteBit( GPIOB, GPIO_Pin_5, showBit( &x, 2 ));
LCD.c(58): warning:  #188-D: enumerated type mixed with another type
  	GPIO_WriteBit( GPIOB, GPIO_Pin_6, showBit( &x, 3 ));
LCD.c(59): warning:  #188-D: enumerated type mixed with another type
  	GPIO_WriteBit( GPIOB, GPIO_Pin_7, showBit( &x, 4 ));
LCD.c(60): warning:  #188-D: enumerated type mixed with another type
  	GPIO_WriteBit( GPIOB, GPIO_Pin_8, showBit( &x, 5 ));
LCD.c(61): warning:  #188-D: enumerated type mixed with another type
  	GPIO_WriteBit( GPIOB, GPIO_Pin_9, showBit( &x, 6 ));
LCD.c(62): warning:  #188-D: enumerated type mixed with another type
  	GPIO_WriteBit( GPIOB, GPIO_Pin_10, showBit( &x, 7 ));	// D10
LCD.c(80): warning:  #188-D: enumerated type mixed with another type
  	GPIO_WriteBit(GPIOB, RS, 0); // config in command mode
LCD.c(84): warning:  #188-D: enumerated type mixed with another type
  	GPIO_WriteBit(GPIOB, E, 1); // begin transmit
LCD.c(88): warning:  #188-D: enumerated type mixed with another type
  	GPIO_WriteBit(GPIOB, E, 0); // close transmit
LCD.c(97): warning:  #188-D: enumerated type mixed with another type
  	GPIO_WriteBit(GPIOB, RS, 1);  // config to data mode
LCD.c(100): warning:  #188-D: enumerated type mixed with another type
  	GPIO_WriteBit(GPIOB, E, 1);  // begin transmit 
LCD.c(106): warning:  #188-D: enumerated type mixed with another type
  	GPIO_WriteBit(GPIOB, E, 0);		// close transmit
LCD.c(114): warning:  #188-D: enumerated type mixed with another type
  	GPIO_WriteBit(GPIOB, E, 0);
LCD.c(115): warning:  #188-D: enumerated type mixed with another type
  	GPIO_WriteBit(GPIOB, RS, 0);
LCD.c: 18 warnings, 0 errors
compiling system_stm32f10x.c...
compiling misc.c...
linking...
Program Size: Code=2084 RO-data=268 RW-data=8 ZI-data=1632  
".\Objects\LCD.axf" - 0 Error(s), 18 Warning(s).

<h2>Software Packages used:</h2>

Package Vendor: ARM
                http://www.keil.com/pack/ARM.CMSIS.5.6.0.pack
                ARM.CMSIS.5.6.0
                CMSIS (Cortex Microcontroller Software Interface Standard)
   * Component: CORE Version: 5.3.0

Package Vendor: Keil
                http://www.keil.com/pack/Keil.STM32F1xx_DFP.2.3.0.pack
                Keil.STM32F1xx_DFP.2.3.0
                STMicroelectronics STM32F1 Series Device Support, Drivers and Examples
   * Component: Startup Version: 1.0.0
   * Component: Framework Version: 3.5.1
   * Component: GPIO Version: 3.5.0
   * Component: RCC Version: 3.5.0

<h2>Collection of Component include folders:</h2>
  .\RTE\Device\STM32F103C8
  .\RTE\_LCD
  C:\Keil_v5\ARM\PACK\ARM\CMSIS\5.6.0\CMSIS\Core\Include
  C:\Keil_v5\ARM\PACK\Keil\STM32F1xx_DFP\2.3.0\Device\Include
  C:\Keil_v5\ARM\PACK\Keil\STM32F1xx_DFP\2.3.0\Device\StdPeriph_Driver\inc

<h2>Collection of Component Files used:</h2>

   * Component: ARM::CMSIS:CORE:5.3.0

   * Component: Keil::Device:Startup:1.0.0
      Source file:   Device\Source\ARM\startup_stm32f10x_md.s
      Include file:  RTE_Driver\Config\RTE_Device.h
      Source file:   Device\Source\system_stm32f10x.c
      Source file:   Device\Source\ARM\STM32F1xx_OPT.s

   * Component: Keil::Device:StdPeriph Drivers:Framework:3.5.1
      Source file:   Device\StdPeriph_Driver\templates\stm32f10x_it.c
      Include file:  Device\StdPeriph_Driver\inc\misc.h
      Source file:   Device\StdPeriph_Driver\templates\stm32f10x_conf.h
      Include file:  Device\StdPeriph_Driver\templates\stm32f10x_it.h
      Source file:   Device\StdPeriph_Driver\src\misc.c

   * Component: Keil::Device:StdPeriph Drivers:GPIO:3.5.0
      Source file:   Device\StdPeriph_Driver\src\stm32f10x_gpio.c
      Include file:  Device\StdPeriph_Driver\inc\stm32f10x_gpio.h

   * Component: Keil::Device:StdPeriph Drivers:RCC:3.5.0
      Source file:   Device\StdPeriph_Driver\src\stm32f10x_rcc.c
      Include file:  Device\StdPeriph_Driver\inc\stm32f10x_rcc.h
Build Time Elapsed:  00:00:02
</pre>
</body>
</html>
