<html>
<body>
<pre>
<h1>µVision Build Log</h1>
<h2>Tool Versions:</h2>
IDE-Version: µVision V5.29.0.0
Copyright (C) 2019 ARM Ltd and ARM Germany GmbH. All rights reserved.
License Information: Des Sada, Bosched, LIC=585FJ-UKH2W-EVT1R-K2ARQ-8LH2Q-J4C0G
 
Tool Versions:
Toolchain:       MDK-ARM Plus  Version: 5.29.0.0
Toolchain Path:  C:\Keil_v5\ARM\ARMCC\Bin
C Compiler:      Armcc.exe V5.06 update 6 (build 750)
Assembler:       Armasm.exe V5.06 update 6 (build 750)
Linker/Locator:  ArmLink.exe V5.06 update 6 (build 750)
Library Manager: ArmAr.exe V5.06 update 6 (build 750)
Hex Converter:   FromElf.exe V5.06 update 6 (build 750)
CPU DLL:         SARMCM3.DLL V5.29.0.0
Dialog DLL:      DCM.DLL V1.17.3.0
Target DLL:      STLink\ST-LINKIII-KEIL_SWO.dll V3.0.7.0
Dialog DLL:      TCM.DLL V1.36.5.0
 
<h2>Project:</h2>
E:\Udemy\STM32_Course\MyLearning\size_of_pointer\size_of_pointer.uvprojx
Project File Date:  04/17/2021

<h2>Output:</h2>
*** Using Compiler 'V5.06 update 6 (build 750)', folder: 'C:\Keil_v5\ARM\ARMCC\Bin'
Rebuild target 'size_of_pointer'
assembling startup_stm32f10x_md.s...
compiling main.c...
main.c(59): warning:  #940-D: missing return statement at end of non-void function "div_s" 
  }
main.c: 1 warning, 0 errors
compiling system_stm32f10x.c...
linking...
Program Size: Code=716 RO-data=252 RW-data=0 ZI-data=1632  
".\Objects\size_of_pointer.axf" - 0 Error(s), 1 Warning(s).

<h2>Software Packages used:</h2>

Package Vendor: ARM
                http://www.keil.com/pack/ARM.CMSIS.5.6.0.pack
                ARM.CMSIS.5.6.0
                CMSIS (Cortex Microcontroller Software Interface Standard)
   * Component: CORE Version: 5.3.0

Package Vendor: Keil
                http://www.keil.com/pack/Keil.STM32F1xx_DFP.2.3.0.pack
                Keil.STM32F1xx_DFP.2.3.0
                STMicroelectronics STM32F1 Series Device Support, Drivers and Examples
   * Component: Startup Version: 1.0.0

<h2>Collection of Component include folders:</h2>
  .\RTE\Device\STM32F103C8
  .\RTE\_size_of_pointer
  C:\Keil_v5\ARM\PACK\ARM\CMSIS\5.6.0\CMSIS\Core\Include
  C:\Keil_v5\ARM\PACK\Keil\STM32F1xx_DFP\2.3.0\Device\Include

<h2>Collection of Component Files used:</h2>

   * Component: ARM::CMSIS:CORE:5.3.0

   * Component: Keil::Device:Startup:1.0.0
      Source file:   Device\Source\ARM\startup_stm32f10x_md.s
      Include file:  RTE_Driver\Config\RTE_Device.h
      Source file:   Device\Source\system_stm32f10x.c
      Source file:   Device\Source\ARM\STM32F1xx_OPT.s
Build Time Elapsed:  00:00:00
</pre>
</body>
</html>
